Archive member included to satisfy reference by file (symbol)

/opt/st/stm32cubeide_1.17.0/plugins/com.st.stm32cube.ide.mcu.externaltools.gnu-tools-for-stm32.12.3.rel1.linux64_1.1.0.202410170702/tools/bin/../lib/gcc/arm-none-eabi/12.3.1/../../../../arm-none-eabi/lib/thumb/v7e-m+fp/hard/libc_nano.a(libc_a-exit.o)
                              /opt/st/stm32cubeide_1.17.0/plugins/com.st.stm32cube.ide.mcu.externaltools.gnu-tools-for-stm32.12.3.rel1.linux64_1.1.0.202410170702/tools/bin/../lib/gcc/arm-none-eabi/12.3.1/../../../../arm-none-eabi/lib/thumb/v7e-m+fp/hard/crt0.o (exit)
/opt/st/stm32cubeide_1.17.0/plugins/com.st.stm32cube.ide.mcu.externaltools.gnu-tools-for-stm32.12.3.rel1.linux64_1.1.0.202410170702/tools/bin/../lib/gcc/arm-none-eabi/12.3.1/../../../../arm-none-eabi/lib/thumb/v7e-m+fp/hard/libc_nano.a(libc_a-findfp.o)
                              /opt/st/stm32cubeide_1.17.0/plugins/com.st.stm32cube.ide.mcu.externaltools.gnu-tools-for-stm32.12.3.rel1.linux64_1.1.0.202410170702/tools/bin/../lib/gcc/arm-none-eabi/12.3.1/../../../../arm-none-eabi/lib/thumb/v7e-m+fp/hard/libc_nano.a(libc_a-exit.o) (__stdio_exit_handler)
/opt/st/stm32cubeide_1.17.0/plugins/com.st.stm32cube.ide.mcu.externaltools.gnu-tools-for-stm32.12.3.rel1.linux64_1.1.0.202410170702/tools/bin/../lib/gcc/arm-none-eabi/12.3.1/../../../../arm-none-eabi/lib/thumb/v7e-m+fp/hard/libc_nano.a(libc_a-fwalk.o)
                              /opt/st/stm32cubeide_1.17.0/plugins/com.st.stm32cube.ide.mcu.externaltools.gnu-tools-for-stm32.12.3.rel1.linux64_1.1.0.202410170702/tools/bin/../lib/gcc/arm-none-eabi/12.3.1/../../../../arm-none-eabi/lib/thumb/v7e-m+fp/hard/libc_nano.a(libc_a-findfp.o) (_fwalk_sglue)
/opt/st/stm32cubeide_1.17.0/plugins/com.st.stm32cube.ide.mcu.externaltools.gnu-tools-for-stm32.12.3.rel1.linux64_1.1.0.202410170702/tools/bin/../lib/gcc/arm-none-eabi/12.3.1/../../../../arm-none-eabi/lib/thumb/v7e-m+fp/hard/libc_nano.a(libc_a-stdio.o)
                              /opt/st/stm32cubeide_1.17.0/plugins/com.st.stm32cube.ide.mcu.externaltools.gnu-tools-for-stm32.12.3.rel1.linux64_1.1.0.202410170702/tools/bin/../lib/gcc/arm-none-eabi/12.3.1/../../../../arm-none-eabi/lib/thumb/v7e-m+fp/hard/libc_nano.a(libc_a-findfp.o) (__sread)
/opt/st/stm32cubeide_1.17.0/plugins/com.st.stm32cube.ide.mcu.externaltools.gnu-tools-for-stm32.12.3.rel1.linux64_1.1.0.202410170702/tools/bin/../lib/gcc/arm-none-eabi/12.3.1/../../../../arm-none-eabi/lib/thumb/v7e-m+fp/hard/libc_nano.a(libc_a-memset.o)
                              /opt/st/stm32cubeide_1.17.0/plugins/com.st.stm32cube.ide.mcu.externaltools.gnu-tools-for-stm32.12.3.rel1.linux64_1.1.0.202410170702/tools/bin/../lib/gcc/arm-none-eabi/12.3.1/../../../../arm-none-eabi/lib/thumb/v7e-m+fp/hard/crt0.o (memset)
/opt/st/stm32cubeide_1.17.0/plugins/com.st.stm32cube.ide.mcu.externaltools.gnu-tools-for-stm32.12.3.rel1.linux64_1.1.0.202410170702/tools/bin/../lib/gcc/arm-none-eabi/12.3.1/../../../../arm-none-eabi/lib/thumb/v7e-m+fp/hard/libc_nano.a(libc_a-closer.o)
                              /opt/st/stm32cubeide_1.17.0/plugins/com.st.stm32cube.ide.mcu.externaltools.gnu-tools-for-stm32.12.3.rel1.linux64_1.1.0.202410170702/tools/bin/../lib/gcc/arm-none-eabi/12.3.1/../../../../arm-none-eabi/lib/thumb/v7e-m+fp/hard/libc_nano.a(libc_a-stdio.o) (_close_r)
/opt/st/stm32cubeide_1.17.0/plugins/com.st.stm32cube.ide.mcu.externaltools.gnu-tools-for-stm32.12.3.rel1.linux64_1.1.0.202410170702/tools/bin/../lib/gcc/arm-none-eabi/12.3.1/../../../../arm-none-eabi/lib/thumb/v7e-m+fp/hard/libc_nano.a(libc_a-reent.o)
                              /opt/st/stm32cubeide_1.17.0/plugins/com.st.stm32cube.ide.mcu.externaltools.gnu-tools-for-stm32.12.3.rel1.linux64_1.1.0.202410170702/tools/bin/../lib/gcc/arm-none-eabi/12.3.1/../../../../arm-none-eabi/lib/thumb/v7e-m+fp/hard/libc_nano.a(libc_a-closer.o) (errno)
/opt/st/stm32cubeide_1.17.0/plugins/com.st.stm32cube.ide.mcu.externaltools.gnu-tools-for-stm32.12.3.rel1.linux64_1.1.0.202410170702/tools/bin/../lib/gcc/arm-none-eabi/12.3.1/../../../../arm-none-eabi/lib/thumb/v7e-m+fp/hard/libc_nano.a(libc_a-impure.o)
                              /opt/st/stm32cubeide_1.17.0/plugins/com.st.stm32cube.ide.mcu.externaltools.gnu-tools-for-stm32.12.3.rel1.linux64_1.1.0.202410170702/tools/bin/../lib/gcc/arm-none-eabi/12.3.1/../../../../arm-none-eabi/lib/thumb/v7e-m+fp/hard/libc_nano.a(libc_a-reent.o) (_impure_ptr)
/opt/st/stm32cubeide_1.17.0/plugins/com.st.stm32cube.ide.mcu.externaltools.gnu-tools-for-stm32.12.3.rel1.linux64_1.1.0.202410170702/tools/bin/../lib/gcc/arm-none-eabi/12.3.1/../../../../arm-none-eabi/lib/thumb/v7e-m+fp/hard/libc_nano.a(libc_a-lseekr.o)
                              /opt/st/stm32cubeide_1.17.0/plugins/com.st.stm32cube.ide.mcu.externaltools.gnu-tools-for-stm32.12.3.rel1.linux64_1.1.0.202410170702/tools/bin/../lib/gcc/arm-none-eabi/12.3.1/../../../../arm-none-eabi/lib/thumb/v7e-m+fp/hard/libc_nano.a(libc_a-stdio.o) (_lseek_r)
[...]
Memory Configuration

Name             Origin             Length             Attributes
CCMRAM           0x10000000         0x00004000         xrw
RAM              0x20000000         0x00010000         xrw
FLASH            0x08000000         0x00080000         xr
*default*        0x00000000         0xffffffff

Linker script and memory map

LOAD /opt/st/stm32cubeide_1.17.0/plugins/com.st.stm32cube.ide.mcu.externaltools.gnu-tools-for-stm32.12.3.rel1.linux64_1.1.0.202410170702/tools/bin/../lib/gcc/arm-none-eabi/12.3.1/thumb/v7e-m+fp/hard/crti.o
LOAD /opt/st/stm32cubeide_1.17.0/plugins/com.st.stm32cube.ide.mcu.externaltools.gnu-tools-for-stm32.12.3.rel1.linux64_1.1.0.202410170702/tools/bin/../lib/gcc/arm-none-eabi/12.3.1/thumb/v7e-m+fp/hard/crtbegin.o
LOAD /opt/st/stm32cubeide_1.17.0/plugins/com.st.stm32cube.ide.mcu.externaltools.gnu-tools-for-stm32.12.3.rel1.linux64_1.1.0.202410170702/tools/bin/../lib/gcc/arm-none-eabi/12.3.1/../../../../arm-none-eabi/lib/thumb/v7e-m+fp/hard/crt0.o
LOAD ./Core/Src/main.o
LOAD ./Core/Src/stm32f3xx_hal_msp.o
LOAD ./Core/Src/stm32f3xx_it.o
LOAD ./Core/Src/syscalls.o
LOAD ./Core/Src/sysmem.o
LOAD ./Core/Src/system_stm32f3xx.o
LOAD ./Core/Startup/startup_stm32f303retx.o
LOAD ./Drivers/STM32F3xx_HAL_Driver/Src/stm32f3xx_hal.o
LOAD ./Drivers/STM32F3xx_HAL_Driver/Src/stm32f3xx_hal_cortex.o
LOAD ./Drivers/STM32F3xx_HAL_Driver/Src/stm32f3xx_hal_dma.o
LOAD ./Drivers/STM32F3xx_HAL_Driver/Src/stm32f3xx_hal_exti.o
LOAD ./Drivers/STM32F3xx_HAL_Driver/Src/stm32f3xx_hal_flash.o
LOAD ./Drivers/STM32F3xx_HAL_Driver/Src/stm32f3xx_hal_flash_ex.o
LOAD ./Drivers/STM32F3xx_HAL_Driver/Src/stm32f3xx_hal_gpio.o
LOAD ./Drivers/STM32F3xx_HAL_Driver/Src/stm32f3xx_hal_i2c.o
LOAD ./Drivers/STM32F3xx_HAL_Driver/Src/stm32f3xx_hal_i2c_ex.o
LOAD ./Drivers/STM32F3xx_HAL_Driver/Src/stm32f3xx_hal_pwr.o
LOAD ./Drivers/STM32F3xx_HAL_Driver/Src/stm32f3xx_hal_pwr_ex.o
LOAD ./Drivers/STM32F3xx_HAL_Driver/Src/stm32f3xx_hal_rcc.o
LOAD ./Drivers/STM32F3xx_HAL_Driver/Src/stm32f3xx_hal_rcc_ex.o
LOAD ./Drivers/STM32F3xx_HAL_Driver/Src/stm32f3xx_hal_tim.o
LOAD ./Drivers/STM32F3xx_HAL_Driver/Src/stm32f3xx_hal_tim_ex.o
LOAD ./Drivers/STM32F3xx_HAL_Driver/Src/stm32f3xx_hal_uart.o
LOAD ./Drivers/STM32F3xx_HAL_Driver/Src/stm32f3xx_hal_uart_ex.o
START GROUP
LOAD /opt/st/stm32cubeide_1.17.0/plugins/com.st.stm32cube.ide.mcu.externaltools.gnu-tools-for-stm32.12.3.rel1.linux64_1.1.0.202410170702/tools/bin/../lib/gcc/arm-none-eabi/12.3.1/../../../../arm-none-eabi/lib/thumb/v7e-m+fp/hard/libc_nano.a
LOAD /opt/st/stm32cubeide_1.17.0/plugins/com.st.stm32cube.ide.mcu.externaltools.gnu-tools-for-stm32.12.3.rel1.linux64_1.1.0.202410170702/tools/bin/../lib/gcc/arm-none-eabi/12.3.1/../../../../arm-none-eabi/lib/thumb/v7e-m+fp/hard/libm.a
END GROUP
START GROUP
LOAD /opt/st/stm32cubeide_1.17.0/plugins/com.st.stm32cube.ide.mcu.externaltools.gnu-tools-for-stm32.12.3.rel1.linux64_1.1.0.202410170702/tools/bin/../lib/gcc/arm-none-eabi/12.3.1/thumb/v7e-m+fp/hard/libgcc.a
LOAD /opt/st/stm32cubeide_1.17.0/plugins/com.st.stm32cube.ide.mcu.externaltools.gnu-tools-for-stm32.12.3.rel1.linux64_1.1.0.202410170702/tools/bin/../lib/gcc/arm-none-eabi/12.3.1/../../../../arm-none-eabi/lib/thumb/v7e-m+fp/hard/libc_nano.a
END GROUP
START GROUP
LOAD /opt/st/stm32cubeide_1.17.0/plugins/com.st.stm32cube.ide.mcu.externaltools.gnu-tools-for-stm32.12.3.rel1.linux64_1.1.0.202410170702/tools/bin/../lib/gcc/arm-none-eabi/12.3.1/thumb/v7e-m+fp/hard/libgcc.a
LOAD /opt/st/stm32cubeide_1.17.0/plugins/com.st.stm32cube.ide.mcu.externaltools.gnu-tools-for-stm32.12.3.rel1.linux64_1.1.0.202410170702/tools/bin/../lib/gcc/arm-none-eabi/12.3.1/../../../../arm-none-eabi/lib/thumb/v7e-m+fp/hard/libc_nano.a
LOAD /opt/st/stm32cubeide_1.17.0/plugins/com.st.stm32cube.ide.mcu.externaltools.gnu-tools-for-stm32.12.3.rel1.linux64_1.1.0.202410170702/tools/bin/../lib/gcc/arm-none-eabi/12.3.1/../../../../arm-none-eabi/lib/thumb/v7e-m+fp/hard/libnosys.a
END GROUP
START GROUP
LOAD /opt/st/stm32cubeide_1.17.0/plugins/com.st.stm32cube.ide.mcu.externaltools.gnu-tools-for-stm32.12.3.rel1.linux64_1.1.0.202410170702/tools/bin/../lib/gcc/arm-none-eabi/12.3.1/thumb/v7e-m+fp/hard/libgcc.a
LOAD /opt/st/stm32cubeide_1.17.0/plugins/com.st.stm32cube.ide.mcu.externaltools.gnu-tools-for-stm32.12.3.rel1.linux64_1.1.0.202410170702/tools/bin/../lib/gcc/arm-none-eabi/12.3.1/../../../../arm-none-eabi/lib/thumb/v7e-m+fp/hard/libc_nano.a
LOAD /opt/st/stm32cubeide_1.17.0/plugins/com.st.stm32cube.ide.mcu.externaltools.gnu-tools-for-stm32.12.3.rel1.linux64_1.1.0.202410170702/tools/bin/../lib/gcc/arm-none-eabi/12.3.1/../../../../arm-none-eabi/lib/thumb/v7e-m+fp/hard/libnosys.a
END GROUP
LOAD /opt/st/stm32cubeide_1.17.0/plugins/com.st.stm32cube.ide.mcu.externaltools.gnu-tools-for-stm32.12.3.rel1.linux64_1.1.0.202410170702/tools/bin/../lib/gcc/arm-none-eabi/12.3.1/thumb/v7e-m+fp/hard/crtend.o
LOAD /opt/st/stm32cubeide_1.17.0/plugins/com.st.stm32cube.ide.mcu.externaltools.gnu-tools-for-stm32.12.3.rel1.linux64_1.1.0.202410170702/tools/bin/../lib/gcc/arm-none-eabi/12.3.1/thumb/v7e-m+fp/hard/crtn.o
                0x20010000                        _estack = (ORIGIN (RAM) + LENGTH (RAM))
                0x00000200                        _Min_Heap_Size = 0x200
                0x00000400                        _Min_Stack_Size = 0x400

.isr_vector     0x08000000      0x194
                0x08000000                        . = ALIGN (0x4)
 *(.isr_vector)
 .isr_vector    0x08000000      0x194 ./Core/Startup/startup_stm32f303retx.o
                0x08000000                g_pfnVectors
                0x08000194                        . = ALIGN (0x4)

.text           0x08000194     0x4914
                0x08000194                        . = ALIGN (0x4)
 *(.text)
 .text          0x08000194       0x40 /opt/st/stm32cubeide_1.17.0/plugins/com.st.stm32cube.ide.mcu.externaltools.gnu-tools-for-stm32.12.3.rel1.linux64_1.1.0.202410170702/tools/bin/../lib/gcc/arm-none-eabi/12.3.1/thumb/v7e-m+fp/hard/crtbegin.o
 *(.text*)
 .text.main     0x080001d4       0x60 ./Core/Src/main.o
                0x080001d4                main
 .text.SystemClock_Config
                0x08000234       0xc4 ./Core/Src/main.o
                0x08000234                SystemClock_Config
 .text.MX_TIM2_Init
                0x080002f8       0xec ./Core/Src/main.o
 .text.MX_USART1_UART_Init
                0x080003e4       0x60 ./Core/Src/main.o
 .text.MX_DMA_Init
                0x08000444       0x3c ./Core/Src/main.o
 .text.MX_GPIO_Init
                0x08000480       0x7c ./Core/Src/main.o
 .text.HAL_UART_RxCpltCallback
                0x080004fc       0x74 ./Core/Src/main.o
                0x080004fc                HAL_UART_RxCpltCallback
 .text.Error_Handler
                0x08000570        0xc ./Core/Src/main.o
                0x08000570                Error_Handler
 .text.HAL_MspInit
                0x0800057c       0x48 ./Core/Src/stm32f3xx_hal_msp.o
                0x0800057c                HAL_MspInit
 .text.HAL_TIM_Base_MspInit
                0x080005c4       0x3c ./Core/Src/stm32f3xx_hal_msp.o
                0x080005c4                HAL_TIM_Base_MspInit
 .text.HAL_TIM_MspPostInit
                0x08000600       0x68 ./Core/Src/stm32f3xx_hal_msp.o
                0x08000600                HAL_TIM_MspPostInit
 .text.HAL_UART_MspInit
                0x08000668       0xdc ./Core/Src/stm32f3xx_hal_msp.o
                0x08000668                HAL_UART_MspInit
 .text.NMI_Handler
                0x08000744        0x8 ./Core/Src/stm32f3xx_it.o
                0x08000744                NMI_Handler
 .text.HardFault_Handler
                0x0800074c        0x8 ./Core/Src/stm32f3xx_it.o
                0x0800074c                HardFault_Handler
 .text.MemManage_Handler
                0x08000754        0x8 ./Core/Src/stm32f3xx_it.o
                0x08000754                MemManage_Handler
 .text.BusFault_Handler
                0x0800075c        0x8 ./Core/Src/stm32f3xx_it.o
                0x0800075c                BusFault_Handler
 .text.UsageFault_Handler
                0x08000764        0x8 ./Core/Src/stm32f3xx_it.o
                0x08000764                UsageFault_Handler
 .text.SVC_Handler
                0x0800076c        0xe ./Core/Src/stm32f3xx_it.o
                0x0800076c                SVC_Handler
 .text.DebugMon_Handler
                0x0800077a        0xe ./Core/Src/stm32f3xx_it.o
                0x0800077a                DebugMon_Handler
 .text.PendSV_Handler
                0x08000788        0xe ./Core/Src/stm32f3xx_it.o
                0x08000788                PendSV_Handler
 .text.SysTick_Handler
                0x08000796        0xc ./Core/Src/stm32f3xx_it.o
                0x08000796                SysTick_Handler
 *fill*         0x080007a2        0x2 
 .text.DMA1_Channel5_IRQHandler
                0x080007a4       0x14 ./Core/Src/stm32f3xx_it.o
                0x080007a4                DMA1_Channel5_IRQHandler
 .text.SystemInit
                0x080007b8       0x24 ./Core/Src/system_stm32f3xx.o
                0x080007b8                SystemInit
 .text.Reset_Handler
                0x080007dc       0x50 ./Core/Startup/startup_stm32f303retx.o
                0x080007dc                Reset_Handler
 .text.Default_Handler
                0x0800082c        0x2 ./Core/Startup/startup_stm32f303retx.o
                0x0800082c                RTC_Alarm_IRQHandler
                0x0800082c                TIM8_TRG_COM_IRQHandler
                0x0800082c                TIM8_CC_IRQHandler
                0x0800082c                SPI4_IRQHandler
                0x0800082c                TIM1_CC_IRQHandler
                0x0800082c                USB_HP_IRQHandler
                0x0800082c                PVD_IRQHandler
                0x0800082c                TAMP_STAMP_IRQHandler
                0x0800082c                EXTI3_IRQHandler
                0x0800082c                I2C3_ER_IRQHandler
                0x0800082c                USB_HP_CAN_TX_IRQHandler
                0x0800082c                EXTI0_IRQHandler
                0x0800082c                I2C2_EV_IRQHandler
                0x0800082c                FPU_IRQHandler
                0x0800082c                TIM1_UP_TIM16_IRQHandler
                0x0800082c                ADC1_2_IRQHandler
                0x0800082c                SPI1_IRQHandler
                0x0800082c                CAN_SCE_IRQHandler
                0x0800082c                TIM6_DAC_IRQHandler
                0x0800082c                TIM8_UP_IRQHandler
                0x0800082c                DMA2_Channel2_IRQHandler
                0x0800082c                DMA1_Channel4_IRQHandler
                0x0800082c                TIM20_TRG_COM_IRQHandler
                0x0800082c                USART3_IRQHandler
                0x0800082c                DMA1_Channel7_IRQHandler
                0x0800082c                UART5_IRQHandler
                0x0800082c                ADC3_IRQHandler
                0x0800082c                TIM4_IRQHandler
                0x0800082c                CAN_RX1_IRQHandler
                0x0800082c                DMA2_Channel1_IRQHandler
                0x0800082c                I2C1_EV_IRQHandler
                0x0800082c                DMA1_Channel6_IRQHandler
                0x0800082c                UART4_IRQHandler
                0x0800082c                DMA2_Channel4_IRQHandler
                0x0800082c                TIM3_IRQHandler
                0x0800082c                RCC_IRQHandler
                0x0800082c                TIM20_UP_IRQHandler
                0x0800082c                DMA1_Channel1_IRQHandler
                0x0800082c                Default_Handler
                0x0800082c                USBWakeUp_RMP_IRQHandler
                0x0800082c                EXTI15_10_IRQHandler
                0x0800082c                TIM7_IRQHandler
                0x0800082c                I2C3_EV_IRQHandler
                0x0800082c                EXTI9_5_IRQHandler
                0x0800082c                RTC_WKUP_IRQHandler
                0x0800082c                SPI2_IRQHandler
                0x0800082c                USB_LP_CAN_RX0_IRQHandler
                0x0800082c                DMA2_Channel5_IRQHandler
                0x0800082c                USB_LP_IRQHandler
                0x0800082c                EXTI4_IRQHandler
                0x0800082c                TIM1_TRG_COM_TIM17_IRQHandler
                0x0800082c                DMA1_Channel3_IRQHandler
                0x0800082c                ADC4_IRQHandler
                0x0800082c                WWDG_IRQHandler
                0x0800082c                TIM2_IRQHandler
                0x0800082c                COMP7_IRQHandler
                0x0800082c                COMP1_2_3_IRQHandler
                0x0800082c                EXTI1_IRQHandler
                0x0800082c                USART2_IRQHandler
                0x0800082c                COMP4_5_6_IRQHandler
                0x0800082c                TIM20_BRK_IRQHandler
                0x0800082c                I2C2_ER_IRQHandler
                0x0800082c                DMA1_Channel2_IRQHandler
                0x0800082c                TIM8_BRK_IRQHandler
                0x0800082c                FLASH_IRQHandler
                0x0800082c                TIM20_CC_IRQHandler
                0x0800082c                USART1_IRQHandler
                0x0800082c                SPI3_IRQHandler
                0x0800082c                I2C1_ER_IRQHandler
                0x0800082c                FMC_IRQHandler
                0x0800082c                USBWakeUp_IRQHandler
                0x0800082c                DMA2_Channel3_IRQHandler
                0x0800082c                EXTI2_TSC_IRQHandler
                0x0800082c                TIM1_BRK_TIM15_IRQHandler
 *fill*         0x0800082e        0x2 
 .text.HAL_Init
                0x08000830       0x2c ./Drivers/STM32F3xx_HAL_Driver/Src/stm32f3xx_hal.o
                0x08000830                HAL_Init
 .text.HAL_InitTick
                0x0800085c       0x60 ./Drivers/STM32F3xx_HAL_Driver/Src/stm32f3xx_hal.o
                0x0800085c                HAL_InitTick
 .text.HAL_IncTick
                0x080008bc       0x28 ./Drivers/STM32F3xx_HAL_Driver/Src/stm32f3xx_hal.o
                0x080008bc                HAL_IncTick
 .text.HAL_GetTick
                0x080008e4       0x18 ./Drivers/STM32F3xx_HAL_Driver/Src/stm32f3xx_hal.o
                0x080008e4                HAL_GetTick
 .text.HAL_Delay
                0x080008fc       0x48 ./Drivers/STM32F3xx_HAL_Driver/Src/stm32f3xx_hal.o
                0x080008fc                HAL_Delay
 .text.__NVIC_SetPriorityGrouping
                0x08000944       0x48 ./Drivers/STM32F3xx_HAL_Driver/Src/stm32f3xx_hal_cortex.o
 .text.__NVIC_GetPriorityGrouping
                0x0800098c       0x1c ./Drivers/STM32F3xx_HAL_Driver/Src/stm32f3xx_hal_cortex.o
 .text.__NVIC_EnableIRQ
                0x080009a8       0x3c ./Drivers/STM32F3xx_HAL_Driver/Src/stm32f3xx_hal_cortex.o
 .text.__NVIC_SetPriority
                0x080009e4       0x54 ./Drivers/STM32F3xx_HAL_Driver/Src/stm32f3xx_hal_cortex.o
 .text.NVIC_EncodePriority
                0x08000a38       0x66 ./Drivers/STM32F3xx_HAL_Driver/Src/stm32f3xx_hal_cortex.o
 *fill*         0x08000a9e        0x2 
 .text.SysTick_Config
                0x08000aa0       0x44 ./Drivers/STM32F3xx_HAL_Driver/Src/stm32f3xx_hal_cortex.o
 .text.HAL_NVIC_SetPriorityGrouping
                0x08000ae4       0x16 ./Drivers/STM32F3xx_HAL_Driver/Src/stm32f3xx_hal_cortex.o
                0x08000ae4                HAL_NVIC_SetPriorityGrouping
 .text.HAL_NVIC_SetPriority
                0x08000afa       0x38 ./Drivers/STM32F3xx_HAL_Driver/Src/stm32f3xx_hal_cortex.o
                0x08000afa                HAL_NVIC_SetPriority
 .text.HAL_NVIC_EnableIRQ
                0x08000b32       0x1c ./Drivers/STM32F3xx_HAL_Driver/Src/stm32f3xx_hal_cortex.o
                0x08000b32                HAL_NVIC_EnableIRQ
 .text.HAL_SYSTICK_Config
                0x08000b4e       0x18 ./Drivers/STM32F3xx_HAL_Driver/Src/stm32f3xx_hal_cortex.o
                0x08000b4e                HAL_SYSTICK_Config
 .text.HAL_DMA_Init
                0x08000b66       0x8e ./Drivers/STM32F3xx_HAL_Driver/Src/stm32f3xx_hal_dma.o
                0x08000b66                HAL_DMA_Init
 .text.HAL_DMA_Start_IT
                0x08000bf4       0xbe ./Drivers/STM32F3xx_HAL_Driver/Src/stm32f3xx_hal_dma.o
                0x08000bf4                HAL_DMA_Start_IT
 .text.HAL_DMA_IRQHandler
                0x08000cb2      0x146 ./Drivers/STM32F3xx_HAL_Driver/Src/stm32f3xx_hal_dma.o
                0x08000cb2                HAL_DMA_IRQHandler
 .text.DMA_SetConfig
                0x08000df8       0x5c ./Drivers/STM32F3xx_HAL_Driver/Src/stm32f3xx_hal_dma.o
 .text.DMA_CalcBaseAndBitshift
                0x08000e54       0x78 ./Drivers/STM32F3xx_HAL_Driver/Src/stm32f3xx_hal_dma.o
 .text.HAL_GPIO_Init
                0x08000ecc      0x314 ./Drivers/STM32F3xx_HAL_Driver/Src/stm32f3xx_hal_gpio.o
                0x08000ecc                HAL_GPIO_Init
 .text.HAL_GPIO_WritePin
                0x080011e0       0x30 ./Drivers/STM32F3xx_HAL_Driver/Src/stm32f3xx_hal_gpio.o
                0x080011e0                HAL_GPIO_WritePin
 .text.HAL_RCC_OscConfig
                0x08001210     0x10a8 ./Drivers/STM32F3xx_HAL_Driver/Src/stm32f3xx_hal_rcc.o
                0x08001210                HAL_RCC_OscConfig
 .text.HAL_RCC_ClockConfig
                0x080022b8      0x2f8 ./Drivers/STM32F3xx_HAL_Driver/Src/stm32f3xx_hal_rcc.o
                0x080022b8                HAL_RCC_ClockConfig
 .text.HAL_RCC_GetSysClockFreq
                0x080025b0       0xa8 ./Drivers/STM32F3xx_HAL_Driver/Src/stm32f3xx_hal_rcc.o
                0x080025b0                HAL_RCC_GetSysClockFreq
 .text.HAL_RCC_GetHCLKFreq
                0x08002658       0x18 ./Drivers/STM32F3xx_HAL_Driver/Src/stm32f3xx_hal_rcc.o
                0x08002658                HAL_RCC_GetHCLKFreq
 .text.HAL_RCC_GetPCLK1Freq
                0x08002670       0x44 ./Drivers/STM32F3xx_HAL_Driver/Src/stm32f3xx_hal_rcc.o
                0x08002670                HAL_RCC_GetPCLK1Freq
 .text.HAL_RCC_GetPCLK2Freq
                0x080026b4       0x44 ./Drivers/STM32F3xx_HAL_Driver/Src/stm32f3xx_hal_rcc.o
                0x080026b4                HAL_RCC_GetPCLK2Freq
 .text.HAL_RCCEx_PeriphCLKConfig
                0x080026f8      0x43c ./Drivers/STM32F3xx_HAL_Driver/Src/stm32f3xx_hal_rcc_ex.o
                0x080026f8                HAL_RCCEx_PeriphCLKConfig
 .text.HAL_TIM_Base_Init
                0x08002b34       0xae ./Drivers/STM32F3xx_HAL_Driver/Src/stm32f3xx_hal_tim.o
                0x08002b34                HAL_TIM_Base_Init
 .text.HAL_TIM_PWM_Init
                0x08002be2       0xae ./Drivers/STM32F3xx_HAL_Driver/Src/stm32f3xx_hal_tim.o
                0x08002be2                HAL_TIM_PWM_Init
 .text.HAL_TIM_PWM_MspInit
                0x08002c90       0x14 ./Drivers/STM32F3xx_HAL_Driver/Src/stm32f3xx_hal_tim.o
                0x08002c90                HAL_TIM_PWM_MspInit
 .text.HAL_TIM_PWM_Start
                0x08002ca4      0x218 ./Drivers/STM32F3xx_HAL_Driver/Src/stm32f3xx_hal_tim.o
                0x08002ca4                HAL_TIM_PWM_Start
 .text.HAL_TIM_PWM_ConfigChannel
                0x08002ebc      0x228 ./Drivers/STM32F3xx_HAL_Driver/Src/stm32f3xx_hal_tim.o
                0x08002ebc                HAL_TIM_PWM_ConfigChannel
 .text.HAL_TIM_ConfigClockSource
                0x080030e4      0x192 ./Drivers/STM32F3xx_HAL_Driver/Src/stm32f3xx_hal_tim.o
                0x080030e4                HAL_TIM_ConfigClockSource
 *fill*         0x08003276        0x2 
 .text.TIM_Base_SetConfig
                0x08003278      0x154 ./Drivers/STM32F3xx_HAL_Driver/Src/stm32f3xx_hal_tim.o
                0x08003278                TIM_Base_SetConfig
 .text.TIM_OC1_SetConfig
                0x080033cc      0x134 ./Drivers/STM32F3xx_HAL_Driver/Src/stm32f3xx_hal_tim.o
 .text.TIM_OC2_SetConfig
                0x08003500      0x128 ./Drivers/STM32F3xx_HAL_Driver/Src/stm32f3xx_hal_tim.o
                0x08003500                TIM_OC2_SetConfig
 .text.TIM_OC3_SetConfig
                0x08003628      0x124 ./Drivers/STM32F3xx_HAL_Driver/Src/stm32f3xx_hal_tim.o
 .text.TIM_OC4_SetConfig
                0x0800374c       0xe0 ./Drivers/STM32F3xx_HAL_Driver/Src/stm32f3xx_hal_tim.o
 .text.TIM_OC5_SetConfig
                0x0800382c       0xd4 ./Drivers/STM32F3xx_HAL_Driver/Src/stm32f3xx_hal_tim.o
 .text.TIM_OC6_SetConfig
                0x08003900       0xd8 ./Drivers/STM32F3xx_HAL_Driver/Src/stm32f3xx_hal_tim.o
 .text.TIM_TI1_ConfigInputStage
                0x080039d8       0x5e ./Drivers/STM32F3xx_HAL_Driver/Src/stm32f3xx_hal_tim.o
 .text.TIM_TI2_ConfigInputStage
                0x08003a36       0x60 ./Drivers/STM32F3xx_HAL_Driver/Src/stm32f3xx_hal_tim.o
 .text.TIM_ITRx_SetConfig
                0x08003a96       0x36 ./Drivers/STM32F3xx_HAL_Driver/Src/stm32f3xx_hal_tim.o
 .text.TIM_ETR_SetConfig
                0x08003acc       0x40 ./Drivers/STM32F3xx_HAL_Driver/Src/stm32f3xx_hal_tim.o
                0x08003acc                TIM_ETR_SetConfig
 .text.TIM_CCxChannelCmd
                0x08003b0c       0x4a ./Drivers/STM32F3xx_HAL_Driver/Src/stm32f3xx_hal_tim.o
                0x08003b0c                TIM_CCxChannelCmd
 *fill*         0x08003b56        0x2 
 .text.HAL_TIMEx_MasterConfigSynchronization
                0x08003b58      0x118 ./Drivers/STM32F3xx_HAL_Driver/Src/stm32f3xx_hal_tim_ex.o
                0x08003b58                HAL_TIMEx_MasterConfigSynchronization
 .text.HAL_UART_Init
                0x08003c70       0x9c ./Drivers/STM32F3xx_HAL_Driver/Src/stm32f3xx_hal_uart.o
                0x08003c70                HAL_UART_Init
 .text.HAL_UART_Transmit
                0x08003d0c      0x112 ./Drivers/STM32F3xx_HAL_Driver/Src/stm32f3xx_hal_uart.o
                0x08003d0c                HAL_UART_Transmit
 .text.HAL_UART_Receive_DMA
                0x08003e1e       0x88 ./Drivers/STM32F3xx_HAL_Driver/Src/stm32f3xx_hal_uart.o
                0x08003e1e                HAL_UART_Receive_DMA
 .text.HAL_UART_RxHalfCpltCallback
                0x08003ea6       0x14 ./Drivers/STM32F3xx_HAL_Driver/Src/stm32f3xx_hal_uart.o
                0x08003ea6                HAL_UART_RxHalfCpltCallback
 .text.HAL_UART_ErrorCallback
                0x08003eba       0x14 ./Drivers/STM32F3xx_HAL_Driver/Src/stm32f3xx_hal_uart.o
                0x08003eba                HAL_UART_ErrorCallback
 .text.HAL_UARTEx_RxEventCallback
                0x08003ece       0x18 ./Drivers/STM32F3xx_HAL_Driver/Src/stm32f3xx_hal_uart.o
                0x08003ece                HAL_UARTEx_RxEventCallback
 *fill*         0x08003ee6        0x2 
 .text.UART_SetConfig
                0x08003ee8      0x3a8 ./Drivers/STM32F3xx_HAL_Driver/Src/stm32f3xx_hal_uart.o
                0x08003ee8                UART_SetConfig
 .text.UART_AdvFeatureConfig
                0x08004290      0x144 ./Drivers/STM32F3xx_HAL_Driver/Src/stm32f3xx_hal_uart.o
                0x08004290                UART_AdvFeatureConfig
 .text.UART_CheckIdleState
                0x080043d4      0x150 ./Drivers/STM32F3xx_HAL_Driver/Src/stm32f3xx_hal_uart.o
                0x080043d4                UART_CheckIdleState
 .text.UART_WaitOnFlagUntilTimeout
                0x08004524       0xda ./Drivers/STM32F3xx_HAL_Driver/Src/stm32f3xx_hal_uart.o
                0x08004524                UART_WaitOnFlagUntilTimeout
 *fill*         0x080045fe        0x2 
 .text.UART_Start_Receive_DMA
                0x08004600      0x140 ./Drivers/STM32F3xx_HAL_Driver/Src/stm32f3xx_hal_uart.o
                0x08004600                UART_Start_Receive_DMA
 .text.UART_EndTxTransfer
                0x08004740       0x4c ./Drivers/STM32F3xx_HAL_Driver/Src/stm32f3xx_hal_uart.o
 .text.UART_EndRxTransfer
                0x0800478c       0xc8 ./Drivers/STM32F3xx_HAL_Driver/Src/stm32f3xx_hal_uart.o
 .text.UART_DMAReceiveCplt
                0x08004854      0x126 ./Drivers/STM32F3xx_HAL_Driver/Src/stm32f3xx_hal_uart.o
 .text.UART_DMARxHalfCplt
                0x0800497a       0x3e ./Drivers/STM32F3xx_HAL_Driver/Src/stm32f3xx_hal_uart.o
 .text.UART_DMAError
                0x080049b8       0x7e ./Drivers/STM32F3xx_HAL_Driver/Src/stm32f3xx_hal_uart.o
 .text.memset   0x08004a36       0x10 /opt/st/stm32cubeide_1.17.0/plugins/com.st.stm32cube.ide.mcu.externaltools.gnu-tools-for-stm32.12.3.rel1.linux64_1.1.0.202410170702/tools/bin/../lib/gcc/arm-none-eabi/12.3.1/../../../../arm-none-eabi/lib/thumb/v7e-m+fp/hard/libc_nano.a(libc_a-memset.o)
                0x08004a36                memset
 *fill*         0x08004a46        0x2 
 .text.__libc_init_array
                0x08004a48       0x48 /opt/st/stm32cubeide_1.17.0/plugins/com.st.stm32cube.ide.mcu.externaltools.gnu-tools-for-stm32.12.3.rel1.linux64_1.1.0.202410170702/tools/bin/../lib/gcc/arm-none-eabi/12.3.1/../../../../arm-none-eabi/lib/thumb/v7e-m+fp/hard/libc_nano.a(libc_a-init.o)
                0x08004a48                __libc_init_array
 *(.glue_7)
 .glue_7        0x08004a90        0x0 linker stubs
 *(.glue_7t)
 .glue_7t       0x08004a90        0x0 linker stubs
 *(.eh_frame)
 .eh_frame      0x08004a90        0x0 /opt/st/stm32cubeide_1.17.0/plugins/com.st.stm32cube.ide.mcu.externaltools.gnu-tools-for-stm32.12.3.rel1.linux64_1.1.0.202410170702/tools/bin/../lib/gcc/arm-none-eabi/12.3.1/thumb/v7e-m+fp/hard/crtbegin.o
 *(.init)
 .init          0x08004a90        0x4 /opt/st/stm32cubeide_1.17.0/plugins/com.st.stm32cube.ide.mcu.externaltools.gnu-tools-for-stm32.12.3.rel1.linux64_1.1.0.202410170702/tools/bin/../lib/gcc/arm-none-eabi/12.3.1/thumb/v7e-m+fp/hard/crti.o
                0x08004a90                _init
 .init          0x08004a94        0x8 /opt/st/stm32cubeide_1.17.0/plugins/com.st.stm32cube.ide.mcu.externaltools.gnu-tools-for-stm32.12.3.rel1.linux64_1.1.0.202410170702/tools/bin/../lib/gcc/arm-none-eabi/12.3.1/thumb/v7e-m+fp/hard/crtn.o
 *(.fini)
 .fini          0x08004a9c        0x4 /opt/st/stm32cubeide_1.17.0/plugins/com.st.stm32cube.ide.mcu.externaltools.gnu-tools-for-stm32.12.3.rel1.linux64_1.1.0.202410170702/tools/bin/../lib/gcc/arm-none-eabi/12.3.1/thumb/v7e-m+fp/hard/crti.o
                0x08004a9c                _fini
 .fini          0x08004aa0        0x8 /opt/st/stm32cubeide_1.17.0/plugins/com.st.stm32cube.ide.mcu.externaltools.gnu-tools-for-stm32.12.3.rel1.linux64_1.1.0.202410170702/tools/bin/../lib/gcc/arm-none-eabi/12.3.1/thumb/v7e-m+fp/hard/crtn.o
                0x08004aa8                        . = ALIGN (0x4)
                0x08004aa8                        _etext = .

.vfp11_veneer   0x08004aa8        0x0
 .vfp11_veneer  0x08004aa8        0x0 linker stubs

.v4_bx          0x08004aa8        0x0
 .v4_bx         0x08004aa8        0x0 linker stubs

.iplt           0x08004aa8        0x0
 .iplt          0x08004aa8        0x0 /opt/st/stm32cubeide_1.17.0/plugins/com.st.stm32cube.ide.mcu.externaltools.gnu-tools-for-stm32.12.3.rel1.linux64_1.1.0.202410170702/tools/bin/../lib/gcc/arm-none-eabi/12.3.1/thumb/v7e-m+fp/hard/crtbegin.o

.rodata         0x08004aa8       0x38
                0x08004aa8                        . = ALIGN (0x4)
 *(.rodata)
 *(.rodata*)
 .rodata.AHBPrescTable
                0x08004aa8       0x10 ./Core/Src/system_stm32f3xx.o
                0x08004aa8                AHBPrescTable
 .rodata.APBPrescTable
                0x08004ab8        0x8 ./Core/Src/system_stm32f3xx.o
                0x08004ab8                APBPrescTable
 .rodata.aPLLMULFactorTable
                0x08004ac0       0x10 ./Drivers/STM32F3xx_HAL_Driver/Src/stm32f3xx_hal_rcc.o
 .rodata.aPredivFactorTable
                0x08004ad0       0x10 ./Drivers/STM32F3xx_HAL_Driver/Src/stm32f3xx_hal_rcc.o
                0x08004ae0                        . = ALIGN (0x4)

.ARM.extab      0x08004ae0        0x0
                0x08004ae0                        . = ALIGN (0x4)
 *(.ARM.extab* .gnu.linkonce.armextab.*)
                0x08004ae0                        . = ALIGN (0x4)

.ARM            0x08004ae0        0x0
                0x08004ae0                        . = ALIGN (0x4)
                0x08004ae0                        __exidx_start = .
 *(.ARM.exidx*)
                0x08004ae0                        __exidx_end = .
                0x08004ae0                        . = ALIGN (0x4)

.preinit_array  0x08004ae0        0x0
                0x08004ae0                        . = ALIGN (0x4)
                0x08004ae0                        PROVIDE (__preinit_array_start = .)
 *(.preinit_array*)
                0x08004ae0                        PROVIDE (__preinit_array_end = .)
                0x08004ae0                        . = ALIGN (0x4)

.init_array     0x08004ae0        0x4
                0x08004ae0                        . = ALIGN (0x4)
                0x08004ae0                        PROVIDE (__init_array_start = .)
 *(SORT_BY_NAME(.init_array.*))
 *(.init_array*)
 .init_array    0x08004ae0        0x4 /opt/st/stm32cubeide_1.17.0/plugins/com.st.stm32cube.ide.mcu.externaltools.gnu-tools-for-stm32.12.3.rel1.linux64_1.1.0.202410170702/tools/bin/../lib/gcc/arm-none-eabi/12.3.1/thumb/v7e-m+fp/hard/crtbegin.o
                0x08004ae4                        PROVIDE (__init_array_end = .)
                0x08004ae4                        . = ALIGN (0x4)

.fini_array     0x08004ae4        0x4
                0x08004ae4                        . = ALIGN (0x4)
                [!provide]                        PROVIDE (__fini_array_start = .)
 *(SORT_BY_NAME(.fini_array.*))
 *(.fini_array*)
 .fini_array    0x08004ae4        0x4 /opt/st/stm32cubeide_1.17.0/plugins/com.st.stm32cube.ide.mcu.externaltools.gnu-tools-for-stm32.12.3.rel1.linux64_1.1.0.202410170702/tools/bin/../lib/gcc/arm-none-eabi/12.3.1/thumb/v7e-m+fp/hard/crtbegin.o
                [!provide]                        PROVIDE (__fini_array_end = .)
                0x08004ae8                        . = ALIGN (0x4)
                0x08004ae8                        _sidata = LOADADDR (.data)

.rel.dyn        0x08004ae8        0x0
 .rel.iplt      0x08004ae8        0x0 /opt/st/stm32cubeide_1.17.0/plugins/com.st.stm32cube.ide.mcu.externaltools.gnu-tools-for-stm32.12.3.rel1.linux64_1.1.0.202410170702/tools/bin/../lib/gcc/arm-none-eabi/12.3.1/thumb/v7e-m+fp/hard/crtbegin.o

.data           0x20000000        0xc load address 0x08004ae8
                0x20000000                        . = ALIGN (0x4)
                0x20000000                        _sdata = .
 *(.data)
 *(.data*)
 .data.SystemCoreClock
                0x20000000        0x4 ./Core/Src/system_stm32f3xx.o
                0x20000000                SystemCoreClock
 .data.uwTickPrio
                0x20000004        0x4 ./Drivers/STM32F3xx_HAL_Driver/Src/stm32f3xx_hal.o
                0x20000004                uwTickPrio
 .data.uwTickFreq
                0x20000008        0x1 ./Drivers/STM32F3xx_HAL_Driver/Src/stm32f3xx_hal.o
                0x20000008                uwTickFreq
 *(.RamFunc)
 *(.RamFunc*)
                0x2000000c                        . = ALIGN (0x4)
 *fill*         0x20000009        0x3 
                0x2000000c                        _edata = .
                0x08004af4                        _siccmram = LOADADDR (.ccmram)

.igot.plt       0x2000000c        0x0 load address 0x08004af4
 .igot.plt      0x2000000c        0x0 /opt/st/stm32cubeide_1.17.0/plugins/com.st.stm32cube.ide.mcu.externaltools.gnu-tools-for-stm32.12.3.rel1.linux64_1.1.0.202410170702/tools/bin/../lib/gcc/arm-none-eabi/12.3.1/thumb/v7e-m+fp/hard/crtbegin.o

.ccmram         0x10000000        0x0 load address 0x08004af4
                0x10000000                        . = ALIGN (0x4)
                0x10000000                        _sccmram = .
 *(.ccmram)
 *(.ccmram*)
                0x10000000                        . = ALIGN (0x4)
                0x10000000                        _eccmram = .
                0x10000000                        . = ALIGN (0x4)

.bss            0x2000000c      0x140
                0x2000000c                        _sbss = .
                0x2000000c                        __bss_start__ = _sbss
 *(.bss)
 .bss           0x2000000c       0x1c /opt/st/stm32cubeide_1.17.0/plugins/com.st.stm32cube.ide.mcu.externaltools.gnu-tools-for-stm32.12.3.rel1.linux64_1.1.0.202410170702/tools/bin/../lib/gcc/arm-none-eabi/12.3.1/thumb/v7e-m+fp/hard/crtbegin.o
 *(.bss*)
 .bss.htim2     0x20000028       0x4c ./Core/Src/main.o
                0x20000028                htim2
 .bss.huart1    0x20000074       0x88 ./Core/Src/main.o
                0x20000074                huart1
 .bss.hdma_usart1_rx
                0x200000fc       0x44 ./Core/Src/main.o
                0x200000fc                hdma_usart1_rx
 .bss.data      0x20000140        0x3 ./Core/Src/main.o
                0x20000140                data
 *fill*         0x20000143        0x1 
 .bss.RxData_buf
                0x20000144        0x3 ./Core/Src/main.o
                0x20000144                RxData_buf
 *fill*         0x20000147        0x1 
 .bss.uwTick    0x20000148        0x4 ./Drivers/STM32F3xx_HAL_Driver/Src/stm32f3xx_hal.o
                0x20000148                uwTick
 *(COMMON)
                0x2000014c                        . = ALIGN (0x4)
                0x2000014c                        _ebss = .
                0x2000014c                        __bss_end__ = _ebss

._user_heap_stack
                0x2000014c      0x604
                0x20000150                        . = ALIGN (0x8)
 *fill*         0x2000014c        0x4 
                [!provide]                        PROVIDE (end = .)
                0x20000150                        PROVIDE (_end = .)
                0x20000350                        . = (. + _Min_Heap_Size)
 *fill*         0x20000150      0x200 
                0x20000750                        . = (. + _Min_Stack_Size)
 *fill*         0x20000350      0x400 
                0x20000750                        . = ALIGN (0x8)

/DISCARD/
 libc.a(*)
 libm.a(*)
 libgcc.a(*)

.ARM.attributes
                0x00000000       0x30
 *(.ARM.attributes)
 .ARM.attributes
                0x00000000       0x22 /opt/st/stm32cubeide_1.17.0/plugins/com.st.stm32cube.ide.mcu.externaltools.gnu-tools-for-stm32.12.3.rel1.linux64_1.1.0.202410170702/tools/bin/../lib/gcc/arm-none-eabi/12.3.1/thumb/v7e-m+fp/hard/crti.o
 .ARM.attributes
                0x00000022       0x34 /opt/st/stm32cubeide_1.17.0/plugins/com.st.stm32cube.ide.mcu.externaltools.gnu-tools-for-stm32.12.3.rel1.linux64_1.1.0.202410170702/tools/bin/../lib/gcc/arm-none-eabi/12.3.1/thumb/v7e-m+fp/hard/crtbegin.o
 .ARM.attributes
                0x00000056       0x34 ./Core/Src/main.o
 .ARM.attributes
                0x0000008a       0x34 ./Core/Src/stm32f3xx_hal_msp.o
 .ARM.attributes
                0x000000be       0x34 ./Core/Src/stm32f3xx_it.o
 .ARM.attributes
                0x000000f2       0x34 ./Core/Src/system_stm32f3xx.o
 .ARM.attributes
                0x00000126       0x21 ./Core/Startup/startup_stm32f303retx.o
 .ARM.attributes
                0x00000147       0x34 ./Drivers/STM32F3xx_HAL_Driver/Src/stm32f3xx_hal.o
 .ARM.attributes
                0x0000017b       0x34 ./Drivers/STM32F3xx_HAL_Driver/Src/stm32f3xx_hal_cortex.o
 .ARM.attributes
                0x000001af       0x34 ./Drivers/STM32F3xx_HAL_Driver/Src/stm32f3xx_hal_dma.o
 .ARM.attributes
                0x000001e3       0x34 ./Drivers/STM32F3xx_HAL_Driver/Src/stm32f3xx_hal_gpio.o
 .ARM.attributes
                0x00000217       0x34 ./Drivers/STM32F3xx_HAL_Driver/Src/stm32f3xx_hal_rcc.o
 .ARM.attributes
                0x0000024b       0x34 ./Drivers/STM32F3xx_HAL_Driver/Src/stm32f3xx_hal_rcc_ex.o
 .ARM.attributes
                0x0000027f       0x34 ./Drivers/STM32F3xx_HAL_Driver/Src/stm32f3xx_hal_tim.o
 .ARM.attributes
                0x000002b3       0x34 ./Drivers/STM32F3xx_HAL_Driver/Src/stm32f3xx_hal_tim_ex.o
 .ARM.attributes
                0x000002e7       0x34 ./Drivers/STM32F3xx_HAL_Driver/Src/stm32f3xx_hal_uart.o
 .ARM.attributes
                0x0000031b       0x34 /opt/st/stm32cubeide_1.17.0/plugins/com.st.stm32cube.ide.mcu.externaltools.gnu-tools-for-stm32.12.3.rel1.linux64_1.1.0.202410170702/tools/bin/../lib/gcc/arm-none-eabi/12.3.1/../../../../arm-none-eabi/lib/thumb/v7e-m+fp/hard/libc_nano.a(libc_a-memset.o)
 .ARM.attributes
                0x0000034f       0x34 /opt/st/stm32cubeide_1.17.0/plugins/com.st.stm32cube.ide.mcu.externaltools.gnu-tools-for-stm32.12.3.rel1.linux64_1.1.0.202410170702/tools/bin/../lib/gcc/arm-none-eabi/12.3.1/../../../../arm-none-eabi/lib/thumb/v7e-m+fp/hard/libc_nano.a(libc_a-init.o)
 .ARM.attributes
                0x00000383       0x22 /opt/st/stm32cubeide_1.17.0/plugins/com.st.stm32cube.ide.mcu.externaltools.gnu-tools-for-stm32.12.3.rel1.linux64_1.1.0.202410170702/tools/bin/../lib/gcc/arm-none-eabi/12.3.1/thumb/v7e-m+fp/hard/crtn.o
OUTPUT(nucleo_uart_test.elf elf32-littlearm)
LOAD linker stubs
LOAD /opt/st/stm32cubeide_1.17.0/plugins/com.st.stm32cube.ide.mcu.externaltools.gnu-tools-for-stm32.12.3.rel1.linux64_1.1.0.202410170702/tools/bin/../lib/gcc/arm-none-eabi/12.3.1/../../../../arm-none-eabi/lib/thumb/v7e-m+fp/hard/libc.a
LOAD /opt/st/stm32cubeide_1.17.0/plugins/com.st.stm32cube.ide.mcu.externaltools.gnu-tools-for-stm32.12.3.rel1.linux64_1.1.0.202410170702/tools/bin/../lib/gcc/arm-none-eabi/12.3.1/../../../../arm-none-eabi/lib/thumb/v7e-m+fp/hard/libm.a
LOAD /opt/st/stm32cubeide_1.17.0/plugins/com.st.stm32cube.ide.mcu.externaltools.gnu-tools-for-stm32.12.3.rel1.linux64_1.1.0.202410170702/tools/bin/../lib/gcc/arm-none-eabi/12.3.1/thumb/v7e-m+fp/hard/libgcc.a

.debug_info     0x00000000     0xe185
 .debug_info    0x00000000     0x1595 ./Core/Src/main.o
 .debug_info    0x00001595      0xd87 ./Core/Src/stm32f3xx_hal_msp.o
 .debug_info    0x0000231c      0x359 ./Core/Src/stm32f3xx_it.o
 .debug_info    0x00002675      0x407 ./Core/Src/system_stm32f3xx.o
 .debug_info    0x00002a7c       0x30 ./Core/Startup/startup_stm32f303retx.o
 .debug_info    0x00002aac      0x804 ./Drivers/STM32F3xx_HAL_Driver/Src/stm32f3xx_hal.o
 .debug_info    0x000032b0      0xd14 ./Drivers/STM32F3xx_HAL_Driver/Src/stm32f3xx_hal_cortex.o
 .debug_info    0x00003fc4      0x6e1 ./Drivers/STM32F3xx_HAL_Driver/Src/stm32f3xx_hal_dma.o
 .debug_info    0x000046a5      0x6a6 ./Drivers/STM32F3xx_HAL_Driver/Src/stm32f3xx_hal_gpio.o
 .debug_info    0x00004d4b     0x149a ./Drivers/STM32F3xx_HAL_Driver/Src/stm32f3xx_hal_rcc.o
 .debug_info    0x000061e5      0x61b ./Drivers/STM32F3xx_HAL_Driver/Src/stm32f3xx_hal_rcc_ex.o
 .debug_info    0x00006800     0x2a70 ./Drivers/STM32F3xx_HAL_Driver/Src/stm32f3xx_hal_tim.o
 .debug_info    0x00009270     0x156d ./Drivers/STM32F3xx_HAL_Driver/Src/stm32f3xx_hal_tim_ex.o
 .debug_info    0x0000a7dd     0x39a8 ./Drivers/STM32F3xx_HAL_Driver/Src/stm32f3xx_hal_uart.o

.debug_abbrev   0x00000000     0x1d9a
 .debug_abbrev  0x00000000      0x2dd ./Core/Src/main.o
 .debug_abbrev  0x000002dd      0x21a ./Core/Src/stm32f3xx_hal_msp.o
 .debug_abbrev  0x000004f7      0x16e ./Core/Src/stm32f3xx_it.o
 .debug_abbrev  0x00000665      0x11a ./Core/Src/system_stm32f3xx.o
 .debug_abbrev  0x0000077f       0x24 ./Core/Startup/startup_stm32f303retx.o
 .debug_abbrev  0x000007a3      0x215 ./Drivers/STM32F3xx_HAL_Driver/Src/stm32f3xx_hal.o
 .debug_abbrev  0x000009b8      0x31e ./Drivers/STM32F3xx_HAL_Driver/Src/stm32f3xx_hal_cortex.o
 .debug_abbrev  0x00000cd6      0x20d ./Drivers/STM32F3xx_HAL_Driver/Src/stm32f3xx_hal_dma.o
 .debug_abbrev  0x00000ee3      0x1ca ./Drivers/STM32F3xx_HAL_Driver/Src/stm32f3xx_hal_gpio.o
 .debug_abbrev  0x000010ad      0x300 ./Drivers/STM32F3xx_HAL_Driver/Src/stm32f3xx_hal_rcc.o
 .debug_abbrev  0x000013ad      0x221 ./Drivers/STM32F3xx_HAL_Driver/Src/stm32f3xx_hal_rcc_ex.o
 .debug_abbrev  0x000015ce      0x278 ./Drivers/STM32F3xx_HAL_Driver/Src/stm32f3xx_hal_tim.o
 .debug_abbrev  0x00001846      0x283 ./Drivers/STM32F3xx_HAL_Driver/Src/stm32f3xx_hal_tim_ex.o
 .debug_abbrev  0x00001ac9      0x2d1 ./Drivers/STM32F3xx_HAL_Driver/Src/stm32f3xx_hal_uart.o

.debug_aranges  0x00000000      0xc80
 .debug_aranges
                0x00000000       0x58 ./Core/Src/main.o
 .debug_aranges
                0x00000058       0x48 ./Core/Src/stm32f3xx_hal_msp.o
 .debug_aranges
                0x000000a0       0x68 ./Core/Src/stm32f3xx_it.o
 .debug_aranges
                0x00000108       0x28 ./Core/Src/system_stm32f3xx.o
 .debug_aranges
                0x00000130       0x28 ./Core/Startup/startup_stm32f303retx.o
 .debug_aranges
                0x00000158       0xe0 ./Drivers/STM32F3xx_HAL_Driver/Src/stm32f3xx_hal.o
 .debug_aranges
                0x00000238      0x128 ./Drivers/STM32F3xx_HAL_Driver/Src/stm32f3xx_hal_cortex.o
 .debug_aranges
                0x00000360       0x88 ./Drivers/STM32F3xx_HAL_Driver/Src/stm32f3xx_hal_dma.o
 .debug_aranges
                0x000003e8       0x58 ./Drivers/STM32F3xx_HAL_Driver/Src/stm32f3xx_hal_gpio.o
 .debug_aranges
                0x00000440       0x88 ./Drivers/STM32F3xx_HAL_Driver/Src/stm32f3xx_hal_rcc.o
 .debug_aranges
                0x000004c8       0x38 ./Drivers/STM32F3xx_HAL_Driver/Src/stm32f3xx_hal_rcc_ex.o
 .debug_aranges
                0x00000500      0x3e0 ./Drivers/STM32F3xx_HAL_Driver/Src/stm32f3xx_hal_tim.o
 .debug_aranges
                0x000008e0      0x178 ./Drivers/STM32F3xx_HAL_Driver/Src/stm32f3xx_hal_tim_ex.o
 .debug_aranges
                0x00000a58      0x228 ./Drivers/STM32F3xx_HAL_Driver/Src/stm32f3xx_hal_uart.o

.debug_rnglists
                0x00000000      0x9d4
 .debug_rnglists
                0x00000000       0x3f ./Core/Src/main.o
 .debug_rnglists
                0x0000003f       0x32 ./Core/Src/stm32f3xx_hal_msp.o
 .debug_rnglists
                0x00000071       0x49 ./Core/Src/stm32f3xx_it.o
 .debug_rnglists
                0x000000ba       0x1a ./Core/Src/system_stm32f3xx.o
 .debug_rnglists
                0x000000d4       0x19 ./Core/Startup/startup_stm32f303retx.o
 .debug_rnglists
                0x000000ed       0xa3 ./Drivers/STM32F3xx_HAL_Driver/Src/stm32f3xx_hal.o
 .debug_rnglists
                0x00000190       0xda ./Drivers/STM32F3xx_HAL_Driver/Src/stm32f3xx_hal_cortex.o
 .debug_rnglists
                0x0000026a       0x69 ./Drivers/STM32F3xx_HAL_Driver/Src/stm32f3xx_hal_dma.o
 .debug_rnglists
                0x000002d3       0x3f ./Drivers/STM32F3xx_HAL_Driver/Src/stm32f3xx_hal_gpio.o
 .debug_rnglists
                0x00000312       0x66 ./Drivers/STM32F3xx_HAL_Driver/Src/stm32f3xx_hal_rcc.o
 .debug_rnglists
                0x00000378       0x29 ./Drivers/STM32F3xx_HAL_Driver/Src/stm32f3xx_hal_rcc_ex.o
 .debug_rnglists
                0x000003a1      0x328 ./Drivers/STM32F3xx_HAL_Driver/Src/stm32f3xx_hal_tim.o
 .debug_rnglists
                0x000006c9      0x131 ./Drivers/STM32F3xx_HAL_Driver/Src/stm32f3xx_hal_tim_ex.o
 .debug_rnglists
                0x000007fa      0x1da ./Drivers/STM32F3xx_HAL_Driver/Src/stm32f3xx_hal_uart.o

.debug_macro    0x00000000    0x1fe94
 .debug_macro   0x00000000      0x1e6 ./Core/Src/main.o
 .debug_macro   0x000001e6      0xab4 ./Core/Src/main.o
 .debug_macro   0x00000c9a      0x15e ./Core/Src/main.o
 .debug_macro   0x00000df8       0x2e ./Core/Src/main.o
 .debug_macro   0x00000e26       0x28 ./Core/Src/main.o
 .debug_macro   0x00000e4e       0x22 ./Core/Src/main.o
 .debug_macro   0x00000e70       0x8e ./Core/Src/main.o
 .debug_macro   0x00000efe       0x51 ./Core/Src/main.o
 .debug_macro   0x00000f4f      0x103 ./Core/Src/main.o
 .debug_macro   0x00001052       0x6a ./Core/Src/main.o
 .debug_macro   0x000010bc      0x1df ./Core/Src/main.o
 .debug_macro   0x0000129b       0x1c ./Core/Src/main.o
 .debug_macro   0x000012b7       0x22 ./Core/Src/main.o
 .debug_macro   0x000012d9       0xd9 ./Core/Src/main.o
 .debug_macro   0x000013b2     0x102d ./Core/Src/main.o
 .debug_macro   0x000023df      0x11f ./Core/Src/main.o
 .debug_macro   0x000024fe    0x1535a ./Core/Src/main.o
 .debug_macro   0x00017858       0x6d ./Core/Src/main.o
 .debug_macro   0x000178c5     0x3574 ./Core/Src/main.o
 .debug_macro   0x0001ae39      0x189 ./Core/Src/main.o
 .debug_macro   0x0001afc2       0x55 ./Core/Src/main.o
 .debug_macro   0x0001b017      0x953 ./Core/Src/main.o
 .debug_macro   0x0001b96a      0x84a ./Core/Src/main.o
 .debug_macro   0x0001c1b4      0x1b5 ./Core/Src/main.o
 .debug_macro   0x0001c369      0x23a ./Core/Src/main.o
 .debug_macro   0x0001c5a3      0x1ea ./Core/Src/main.o
 .debug_macro   0x0001c78d      0x1bc ./Core/Src/main.o
 .debug_macro   0x0001c949       0x30 ./Core/Src/main.o
 .debug_macro   0x0001c979       0x3c ./Core/Src/main.o
 .debug_macro   0x0001c9b5      0x235 ./Core/Src/main.o
 .debug_macro   0x0001cbea       0xc5 ./Core/Src/main.o
 .debug_macro   0x0001ccaf      0x21d ./Core/Src/main.o
 .debug_macro   0x0001cecc      0x22c ./Core/Src/main.o
 .debug_macro   0x0001d0f8       0x5b ./Core/Src/main.o
 .debug_macro   0x0001d153       0xa5 ./Core/Src/main.o
 .debug_macro   0x0001d1f8       0x81 ./Core/Src/main.o
 .debug_macro   0x0001d279       0xd3 ./Core/Src/main.o
 .debug_macro   0x0001d34c      0xa60 ./Core/Src/main.o
 .debug_macro   0x0001ddac       0xba ./Core/Src/main.o
 .debug_macro   0x0001de66      0x5ba ./Core/Src/main.o
 .debug_macro   0x0001e420       0x44 ./Core/Src/main.o
 .debug_macro   0x0001e464      0x347 ./Core/Src/main.o
 .debug_macro   0x0001e7ab       0x40 ./Core/Src/main.o
 .debug_macro   0x0001e7eb      0x1e6 ./Core/Src/stm32f3xx_hal_msp.o
 .debug_macro   0x0001e9d1      0x1f0 ./Core/Src/stm32f3xx_it.o
 .debug_macro   0x0001ebc1      0x1d7 ./Core/Src/system_stm32f3xx.o
 .debug_macro   0x0001ed98      0x1fb ./Drivers/STM32F3xx_HAL_Driver/Src/stm32f3xx_hal.o
 .debug_macro   0x0001ef93      0x1d7 ./Drivers/STM32F3xx_HAL_Driver/Src/stm32f3xx_hal_cortex.o
 .debug_macro   0x0001f16a      0x1d7 ./Drivers/STM32F3xx_HAL_Driver/Src/stm32f3xx_hal_dma.o
 .debug_macro   0x0001f341      0x1de ./Drivers/STM32F3xx_HAL_Driver/Src/stm32f3xx_hal_gpio.o
 .debug_macro   0x0001f51f      0x1fb ./Drivers/STM32F3xx_HAL_Driver/Src/stm32f3xx_hal_rcc.o
 .debug_macro   0x0001f71a      0x1d7 ./Drivers/STM32F3xx_HAL_Driver/Src/stm32f3xx_hal_rcc_ex.o
 .debug_macro   0x0001f8f1      0x1d8 ./Drivers/STM32F3xx_HAL_Driver/Src/stm32f3xx_hal_tim.o
 .debug_macro   0x0001fac9      0x1d7 ./Drivers/STM32F3xx_HAL_Driver/Src/stm32f3xx_hal_tim_ex.o
 .debug_macro   0x0001fca0      0x1f4 ./Drivers/STM32F3xx_HAL_Driver/Src/stm32f3xx_hal_uart.o

.debug_line     0x00000000     0xf7a9
 .debug_line    0x00000000      0x894 ./Core/Src/main.o
 .debug_line    0x00000894      0x78e ./Core/Src/stm32f3xx_hal_msp.o
 .debug_line    0x00001022      0x791 ./Core/Src/stm32f3xx_it.o
 .debug_line    0x000017b3      0x735 ./Core/Src/system_stm32f3xx.o
 .debug_line    0x00001ee8       0x7a ./Core/Startup/startup_stm32f303retx.o
 .debug_line    0x00001f62      0x968 ./Drivers/STM32F3xx_HAL_Driver/Src/stm32f3xx_hal.o
 .debug_line    0x000028ca      0xc55 ./Drivers/STM32F3xx_HAL_Driver/Src/stm32f3xx_hal_cortex.o
 .debug_line    0x0000351f      0xc76 ./Drivers/STM32F3xx_HAL_Driver/Src/stm32f3xx_hal_dma.o
 .debug_line    0x00004195      0xb07 ./Drivers/STM32F3xx_HAL_Driver/Src/stm32f3xx_hal_gpio.o
 .debug_line    0x00004c9c     0x1314 ./Drivers/STM32F3xx_HAL_Driver/Src/stm32f3xx_hal_rcc.o
 .debug_line    0x00005fb0      0xe7d ./Drivers/STM32F3xx_HAL_Driver/Src/stm32f3xx_hal_rcc_ex.o
 .debug_line    0x00006e2d     0x3e32 ./Drivers/STM32F3xx_HAL_Driver/Src/stm32f3xx_hal_tim.o
 .debug_line    0x0000ac5f     0x1a86 ./Drivers/STM32F3xx_HAL_Driver/Src/stm32f3xx_hal_tim_ex.o
 .debug_line    0x0000c6e5     0x30c4 ./Drivers/STM32F3xx_HAL_Driver/Src/stm32f3xx_hal_uart.o

.debug_str      0x00000000    0xc66e3
 .debug_str     0x00000000    0xc3b05 ./Core/Src/main.o
                              0xc43b1 (size before relaxing)
 .debug_str     0x000c3b05       0xb7 ./Core/Src/stm32f3xx_hal_msp.o
                              0xc3992 (size before relaxing)
 .debug_str     0x000c3bbc       0xf5 ./Core/Src/stm32f3xx_it.o
                              0xc331e (size before relaxing)
 .debug_str     0x000c3cb1       0xe9 ./Core/Src/system_stm32f3xx.o
                              0xc30b7 (size before relaxing)
 .debug_str     0x000c3d9a       0x44 ./Core/Startup/startup_stm32f303retx.o
                                 0x82 (size before relaxing)
 .debug_str     0x000c3dde      0x397 ./Drivers/STM32F3xx_HAL_Driver/Src/stm32f3xx_hal.o
                              0xc3960 (size before relaxing)
 .debug_str     0x000c4175      0x38a ./Drivers/STM32F3xx_HAL_Driver/Src/stm32f3xx_hal_cortex.o
                              0xc39e4 (size before relaxing)
 .debug_str     0x000c44ff      0x219 ./Drivers/STM32F3xx_HAL_Driver/Src/stm32f3xx_hal_dma.o
                              0xc33ff (size before relaxing)
 .debug_str     0x000c4718      0x185 ./Drivers/STM32F3xx_HAL_Driver/Src/stm32f3xx_hal_gpio.o
                              0xc329c (size before relaxing)
 .debug_str     0x000c489d      0x2dd ./Drivers/STM32F3xx_HAL_Driver/Src/stm32f3xx_hal_rcc.o
                              0xc355b (size before relaxing)
 .debug_str     0x000c4b7a       0xbe ./Drivers/STM32F3xx_HAL_Driver/Src/stm32f3xx_hal_rcc_ex.o
                              0xc33a5 (size before relaxing)
 .debug_str     0x000c4c38      0xd9f ./Drivers/STM32F3xx_HAL_Driver/Src/stm32f3xx_hal_tim.o
                              0xc44ee (size before relaxing)
 .debug_str     0x000c59d7      0x4dc ./Drivers/STM32F3xx_HAL_Driver/Src/stm32f3xx_hal_tim_ex.o
                              0xc3d34 (size before relaxing)
 .debug_str     0x000c5eb3      0x830 ./Drivers/STM32F3xx_HAL_Driver/Src/stm32f3xx_hal_uart.o
                              0xc3dda (size before relaxing)

.comment        0x00000000       0x43
 .comment       0x00000000       0x43 ./Core/Src/main.o
                                 0x44 (size before relaxing)
 .comment       0x00000043       0x44 ./Core/Src/stm32f3xx_hal_msp.o
 .comment       0x00000043       0x44 ./Core/Src/stm32f3xx_it.o
 .comment       0x00000043       0x44 ./Core/Src/system_stm32f3xx.o
 .comment       0x00000043       0x44 ./Drivers/STM32F3xx_HAL_Driver/Src/stm32f3xx_hal.o
 .comment       0x00000043       0x44 ./Drivers/STM32F3xx_HAL_Driver/Src/stm32f3xx_hal_cortex.o
 .comment       0x00000043       0x44 ./Drivers/STM32F3xx_HAL_Driver/Src/stm32f3xx_hal_dma.o
 .comment       0x00000043       0x44 ./Drivers/STM32F3xx_HAL_Driver/Src/stm32f3xx_hal_gpio.o
 .comment       0x00000043       0x44 ./Drivers/STM32F3xx_HAL_Driver/Src/stm32f3xx_hal_rcc.o
 .comment       0x00000043       0x44 ./Drivers/STM32F3xx_HAL_Driver/Src/stm32f3xx_hal_rcc_ex.o
 .comment       0x00000043       0x44 ./Drivers/STM32F3xx_HAL_Driver/Src/stm32f3xx_hal_tim.o
 .comment       0x00000043       0x44 ./Drivers/STM32F3xx_HAL_Driver/Src/stm32f3xx_hal_tim_ex.o
 .comment       0x00000043       0x44 ./Drivers/STM32F3xx_HAL_Driver/Src/stm32f3xx_hal_uart.o

.debug_frame    0x00000000     0x34a8
 .debug_frame   0x00000000      0x118 ./Core/Src/main.o
 .debug_frame   0x00000118       0xf4 ./Core/Src/stm32f3xx_hal_msp.o
 .debug_frame   0x0000020c      0x120 ./Core/Src/stm32f3xx_it.o
 .debug_frame   0x0000032c       0x58 ./Core/Src/system_stm32f3xx.o
 .debug_frame   0x00000384      0x334 ./Drivers/STM32F3xx_HAL_Driver/Src/stm32f3xx_hal.o
 .debug_frame   0x000006b8      0x4e8 ./Drivers/STM32F3xx_HAL_Driver/Src/stm32f3xx_hal_cortex.o
 .debug_frame   0x00000ba0      0x224 ./Drivers/STM32F3xx_HAL_Driver/Src/stm32f3xx_hal_dma.o
 .debug_frame   0x00000dc4      0x14c ./Drivers/STM32F3xx_HAL_Driver/Src/stm32f3xx_hal_gpio.o
 .debug_frame   0x00000f10      0x214 ./Drivers/STM32F3xx_HAL_Driver/Src/stm32f3xx_hal_rcc.o
 .debug_frame   0x00001124       0xb0 ./Drivers/STM32F3xx_HAL_Driver/Src/stm32f3xx_hal_rcc_ex.o
 .debug_frame   0x000011d4     0x1218 ./Drivers/STM32F3xx_HAL_Driver/Src/stm32f3xx_hal_tim.o
 .debug_frame   0x000023ec      0x688 ./Drivers/STM32F3xx_HAL_Driver/Src/stm32f3xx_hal_tim_ex.o
 .debug_frame   0x00002a74      0x9e8 ./Drivers/STM32F3xx_HAL_Driver/Src/stm32f3xx_hal_uart.o
 .debug_frame   0x0000345c       0x20 /opt/st/stm32cubeide_1.17.0/plugins/com.st.stm32cube.ide.mcu.externaltools.gnu-tools-for-stm32.12.3.rel1.linux64_1.1.0.202410170702/tools/bin/../lib/gcc/arm-none-eabi/12.3.1/../../../../arm-none-eabi/lib/thumb/v7e-m+fp/hard/libc_nano.a(libc_a-memset.o)
 .debug_frame   0x0000347c       0x2c /opt/st/stm32cubeide_1.17.0/plugins/com.st.stm32cube.ide.mcu.externaltools.gnu-tools-for-stm32.12.3.rel1.linux64_1.1.0.202410170702/tools/bin/../lib/gcc/arm-none-eabi/12.3.1/../../../../arm-none-eabi/lib/thumb/v7e-m+fp/hard/libc_nano.a(libc_a-init.o)

.debug_line_str
                0x00000000       0x66
 .debug_line_str
                0x00000000       0x66 ./Core/Startup/startup_stm32f303retx.o
